// Jest Snapshot v1, https://goo.gl/fbAQLP

exports[`<LoadingProgress/> renders the <LoadingProgress/> with populated data 1`] = `
<div
  style="display: flex; flex-direction: column; align-items: center; margin-top: 50px;"
>
  <div
    class="MuiCircularProgress-root makeStyles-loading-1 MuiCircularProgress-colorPrimary MuiCircularProgress-indeterminate"
    data-testid="loader"
    role="progressbar"
    style="width: 40px; height: 40px;"
  >
    <svg
      class="MuiCircularProgress-svg"
      viewBox="22 22 44 44"
    >
      <circle
        class="MuiCircularProgress-circle MuiCircularProgress-circleIndeterminate"
        cx="44"
        cy="44"
        fill="none"
        r="20.2"
        stroke-width="3.6"
      />
    </svg>
  </div>
</div>
`;
