// Jest Snapshot v1, https://goo.gl/fbAQLP

exports[`<MobileNav/> renders the <MobileNav/> with populated data 1`] = `<div />`;
